Трубинова
София
29.10.25
Проверить умение пользоваться GIT
